// Jest Snapshot v1, https://goo.gl/fbAQLP

exports[`Storyshots Test default 1`] = `
<p>
  Test component
</p>
`;
